Microchip MPLAB XC8 Compiler V2.00 ()

Linker command line:

-W-3 --edf=C:\Program Files\Microchip\xc8\v2.00\pic\dat\en_msgs.txt -cs \
  -h+dist/default/production\Touchsensor.X.production.sym \
  --cmf=dist/default/production\Touchsensor.X.production.cmf -z -Q12F1840 \
  -oC:\Users\MUSHA7~1\AppData\Local\Temp\svg.2 --defsym=__MPLAB_BUILD=1 \
  -Mdist/default/production/Touchsensor.X.production.map -E1 -ver=XC8 \
  --acfsm=1493 -ASTACK=0201Dh-020efh -pstack=STACK -ACODE=00h-07FFhx2 \
  -ASTRCODE=00h-0FFFh -ASTRING=00h-0FFhx16 -ACONST=00h-0FFhx16 \
  -AENTRY=00h-0FFhx16 -ACOMMON=070h-07Fh -ABANK0=020h-06Fh \
  -ABANK1=0A0h-0EFh -ABANK2=0120h-016Fh -ABIGRAM=02000h-020EFh \
  -ARAM=020h-06Fh,0A0h-0EFh,0120h-016Fh \
  -AABS1=020h-07Fh,0A0h-0EFh,0120h-016Fh -ASFR0=00h-01Fh -ASFR1=080h-09Fh \
  -ASFR2=0100h-011Fh -ASFR3=0180h-01EFh -ASFR4=0200h-026Fh \
  -ASFR5=0280h-02EFh -ASFR6=0300h-036Fh -ASFR7=0380h-03EFh \
  -ASFR8=0400h-046Fh -ASFR9=0480h-04EFh -ASFR10=0500h-056Fh \
  -ASFR11=0580h-05EFh -ASFR12=0600h-066Fh -ASFR13=0680h-06EFh \
  -ASFR14=0700h-076Fh -ASFR15=0780h-07EFh -ASFR16=0800h-086Fh \
  -ASFR17=0880h-08EFh -ASFR18=0900h-096Fh -ASFR19=0980h-09EFh \
  -ASFR20=0A00h-0A6Fh -ASFR21=0A80h-0AEFh -ASFR22=0B00h-0B6Fh \
  -ASFR23=0B80h-0BEFh -ASFR24=0C00h-0C6Fh -ASFR25=0C80h-0CEFh \
  -ASFR26=0D00h-0D6Fh -ASFR27=0D80h-0DEFh -ASFR28=0E00h-0E6Fh \
  -ASFR29=0E80h-0EEFh -ASFR30=0F00h-0F6Fh -ASFR31=0F80h-0FEFh \
  -preset_vec=00h,intentry,init,end_init -ppowerup=CODE -pcinit=CODE \
  -pfunctab=ENTRY -ACONFIG=08007h-08008h -pconfig=CONFIG -DCONFIG=2 \
  -AIDLOC=08000h-08003h -pidloc=IDLOC -DIDLOC=2 -AEEDATA=00h-0FFh/0F000h \
  -peeprom_data=EEDATA -DEEDATA=2 -DCODE=2 -DSTRCODE=2 -DSTRING=2 -DCONST=2 \
  -DENTRY=2 -k C:\Users\MUSHA7~1\AppData\Local\Temp\svg.o \
  dist/default/production\Touchsensor.X.production.o 

Object code version is 3.11

Machine type is 12F1840



                Name                               Link     Load   Length Selector   Space Scale
C:\Users\MUSHA7~1\AppData\Local\Temp\svg.o
                end_init                              2        2        2        0       0
                reset_vec                             0        0        2        0       0
                config                             8007     8007        2    1000E       0
dist/default/production\Touchsensor.X.production.o
                cinit                               7E6      7E6       1A      FCC       0
                text6                               65B      65B       69      CB6       0
                text5                               5A6      5A6       1A      B4C       0
                text4                               5C0      5C0       4B      B80       0
                text3                               590      590        5      B20       0
                text2                               59B      59B        B      B36       0
                text1                               60B      60B       50      C16       0
                maintext                            6C4      6C4      122      D88       0
                cstackBANK0                          34       34        7       20       1
                cstackCOMMON                         70       70        A       70       1
                clrtext                             595      595        6      B2A       0
                dataBANK0                            3B       3B        2       20       1
                bssBANK0                             20       20       14       20       1
                dataCOMMON                           7D       7D        1       70       1
                bssCOMMON                            7A       7A        3       70       1
                stringtext3                         802      802        1     1000       0
                stringtext2                         801      801        1     1000       0
                stringtext1                         800      800        1     1000       0
                idataBANK0                          58E      58E        2      B1C       0
                idataCOMMON                         58D      58D        1      B1A       0

TOTAL           Name                               Link     Load   Length     Space
        CLASS   STACK          

        CLASS   CODE           
                end_init                              2        2        2         0
                cinit                               7E6      7E6       1A         0
                reset_vec                             0        0        2         0
                text6                               65B      65B       69         0
                text5                               5A6      5A6       1A         0
                text4                               5C0      5C0       4B         0
                text3                               590      590        5         0
                text2                               59B      59B        B         0
                text1                               60B      60B       50         0
                maintext                            6C4      6C4      122         0
                clrtext                             595      595        6         0
                idataBANK0                          58E      58E        2         0
                idataCOMMON                         58D      58D        1         0

        CLASS   STRCODE        
                stringtext3                         802      802        1         0
                stringtext2                         801      801        1         0
                stringtext1                         800      800        1         0

        CLASS   STRING         

        CLASS   CONST          

        CLASS   ENTRY          

        CLASS   COMMON         
                cstackCOMMON                         70       70        A         1
                dataCOMMON                           7D       7D        1         1
                bssCOMMON                            7A       7A        3         1

        CLASS   BANK0          
                cstackBANK0                          34       34        7         1
                dataBANK0                            3B       3B        2         1
                bssBANK0                             20       20       14         1

        CLASS   BANK1          

        CLASS   BANK2          

        CLASS   BIGRAM         

        CLASS   RAM            

        CLASS   ABS1           
                abs_s1                               7E       7E        2         1

        CLASS   SFR0           

        CLASS   SFR1           

        CLASS   SFR2           

        CLASS   SFR3           

        CLASS   SFR4           

        CLASS   SFR5           

        CLASS   SFR6           

        CLASS   SFR7           

        CLASS   SFR8           

        CLASS   SFR9           

        CLASS   SFR10          

        CLASS   SFR11          

        CLASS   SFR12          

        CLASS   SFR13          

        CLASS   SFR14          

        CLASS   SFR15          

        CLASS   SFR16          

        CLASS   SFR17          

        CLASS   SFR18          

        CLASS   SFR19          

        CLASS   SFR20          

        CLASS   SFR21          

        CLASS   SFR22          

        CLASS   SFR23          

        CLASS   SFR24          

        CLASS   SFR25          

        CLASS   SFR26          

        CLASS   SFR27          

        CLASS   SFR28          

        CLASS   SFR29          

        CLASS   SFR30          

        CLASS   SFR31          

        CLASS   CONFIG         
                config                             8007     8007        2         0

        CLASS   IDLOC          

        CLASS   EEDATA         

        CLASS   BANK31         

        CLASS   BANK30         

        CLASS   BANK29         

        CLASS   BANK28         

        CLASS   BANK27         

        CLASS   BANK26         

        CLASS   BANK25         

        CLASS   BANK24         

        CLASS   BANK23         

        CLASS   BANK22         

        CLASS   BANK21         

        CLASS   BANK20         

        CLASS   BANK19         

        CLASS   BANK18         

        CLASS   BANK17         

        CLASS   BANK16         

        CLASS   BANK15         

        CLASS   BANK14         

        CLASS   BANK13         

        CLASS   BANK12         

        CLASS   BANK11         

        CLASS   BANK10         

        CLASS   BANK9          

        CLASS   BANK8          

        CLASS   BANK7          

        CLASS   BANK6          

        CLASS   BANK5          

        CLASS   BANK4          

        CLASS   BANK3          



SEGMENTS        Name                           Load    Length   Top    Selector   Space  Class     Delta

                reset_vec                      000000  000004  000004         0       0  CODE        2
                bssBANK0                       000020  00001D  00003D        20       1  BANK0       1
                cstackCOMMON                   000070  00000E  00007E        70       1  COMMON      1
                idataCOMMON                    00058D  000001  00058E       B1A       0  CODE        2
                idataBANK0                     00058E  000002  000590       B1C       0  CODE        2
                text3                          000590  000005  000595       B20       0  CODE        2
                clrtext                        000595  000006  00059B       B2A       0  CODE        2
                text2                          00059B  00000B  0005A6       B36       0  CODE        2
                text5                          0005A6  00001A  0005C0       B4C       0  CODE        2
                text4                          0005C0  00004B  00060B       B80       0  CODE        2
                text1                          00060B  000050  00065B       C16       0  CODE        2
                text6                          00065B  000069  0006C4       CB6       0  CODE        2
                maintext                       0006C4  000122  0007E6       D88       0  CODE        2
                cinit                          0007E6  00001A  000800       FCC       0  CODE        2
                stringtext1                    000800  000003  000803      1000       0  STRCODE     2
                config                         008007  000002  008009     1000E       0  CONFIG      2


UNUSED ADDRESS RANGES

        Name                Unused          Largest block    Delta
        BANK0            0003D-0006F              33           1
        BANK1            000A0-000EF              50           1
        BANK2            00120-0016F              50           1
        BIGRAM           02000-020EF              F0           1
        CODE             00004-0058C             589           2
                         00803-00FFF             7FD
        CONST            00004-0058C             100           2
                         00803-00FFF             100
        EEDATA           0F000-0F0FF             100           2
        ENTRY            00004-0058C             100           2
                         00803-00FFF             100
        IDLOC            08000-08003               4           2
        RAM              0003D-0006F              33           1
                         000A0-000EF              50
                         00120-0016F              50
        SFR0             00000-0001F              20           1
        SFR1             00080-0009F              20           1
        SFR10            00500-0056F              70           1
        SFR11            00580-005EF              70           1
        SFR12            00600-0066F              70           1
        SFR13            00680-006EF              70           1
        SFR14            00700-0076F              70           1
        SFR15            00780-007EF              70           1
        SFR16            00800-0086F              70           1
        SFR17            00880-008EF              70           1
        SFR18            00900-0096F              70           1
        SFR19            00980-009EF              70           1
        SFR2             00100-0011F              20           1
        SFR20            00A00-00A6F              70           1
        SFR21            00A80-00AEF              70           1
        SFR22            00B00-00B6F              70           1
        SFR23            00B80-00BEF              70           1
        SFR24            00C00-00C6F              70           1
        SFR25            00C80-00CEF              70           1
        SFR26            00D00-00D6F              70           1
        SFR27            00D80-00DEF              70           1
        SFR28            00E00-00E6F              70           1
        SFR29            00E80-00EEF              70           1
        SFR3             00180-001EF              70           1
        SFR30            00F00-00F6F              70           1
        SFR31            00F80-00FEF              70           1
        SFR4             00200-0026F              70           1
        SFR5             00280-002EF              70           1
        SFR6             00300-0036F              70           1
        SFR7             00380-003EF              70           1
        SFR8             00400-0046F              70           1
        SFR9             00480-004EF              70           1
        STACK            0201D-020EF              D3           1
        STRCODE          00004-0058C             589           2
                         00803-00FFF             7FD
        STRING           00004-0058C             100           2
                         00803-00FFF             100

                                  Symbol Table

?___awdiv                cstackCOMMON 00070
_ANSELA                  (abs)        0018C
_CPSCON0                 (abs)        0001E
_CPSCON1                 (abs)        0001F
_LATA                    (abs)        0010C
_OPTION_REG              (abs)        00095
_OSCCON                  (abs)        00099
_PORTA                   (abs)        0000C
_RA5                     (abs)        00065
_SWDTEN                  (abs)        004B8
_TMR0                    (abs)        00015
_TRISA                   (abs)        0008C
_Tactive                 bssCOMMON    0007B
_Target                  bssBANK0     00033
_Tavg                    bssBANK0     00028
_Tcount                  bssBANK0     0002C
_Tdelta                  bssBANK0     00020
_Ttemp                   bssBANK0     00030
_Ttrip                   bssBANK0     00024
_WDTCON                  (abs)        00097
_WPUA                    (abs)        0020C
__CFG_BOREN$OFF          (abs)        00000
__CFG_BORV$LO            (abs)        00000
__CFG_CLKOUTEN$OFF       (abs)        00000
__CFG_CP$OFF             (abs)        00000
__CFG_CPD$OFF            (abs)        00000
__CFG_FCMEN$OFF          (abs)        00000
__CFG_FOSC$INTOSC        (abs)        00000
__CFG_IESO$OFF           (abs)        00000
__CFG_LVP$OFF            (abs)        00000
__CFG_MCLRE$OFF          (abs)        00000
__CFG_PLLEN$ON           (abs)        00000
__CFG_PWRTE$ON           (abs)        00000
__CFG_STVREN$ON          (abs)        00000
__CFG_WDTE$SWDTEN        (abs)        00000
__CFG_WRT$OFF            (abs)        00000
__Habs1                  abs1         00000
__Hbank0                 bank0        00000
__Hbank1                 bank1        00000
__Hbank10                bank10       00000
__Hbank11                bank11       00000
__Hbank12                bank12       00000
__Hbank13                bank13       00000
__Hbank14                bank14       00000
__Hbank15                bank15       00000
__Hbank16                bank16       00000
__Hbank17                bank17       00000
__Hbank18                bank18       00000
__Hbank19                bank19       00000
__Hbank2                 bank2        00000
__Hbank20                bank20       00000
__Hbank21                bank21       00000
__Hbank22                bank22       00000
__Hbank23                bank23       00000
__Hbank24                bank24       00000
__Hbank25                bank25       00000
__Hbank26                bank26       00000
__Hbank27                bank27       00000
__Hbank28                bank28       00000
__Hbank29                bank29       00000
__Hbank3                 bank3        00000
__Hbank30                bank30       00000
__Hbank31                bank31       00000
__Hbank4                 bank4        00000
__Hbank5                 bank5        00000
__Hbank6                 bank6        00000
__Hbank7                 bank7        00000
__Hbank8                 bank8        00000
__Hbank9                 bank9        00000
__Hbigram                bigram       00000
__HbssBANK0              bssBANK0     00000
__HbssCOMMON             bssCOMMON    00000
__Hcinit                 cinit        00800
__Hclrtext               clrtext      00000
__Hcode                  code         00000
__Hcommon                common       00000
__Hconfig                config       08009
__HcstackBANK0           cstackBANK0  00000
__HcstackCOMMON          cstackCOMMON 00000
__HdataBANK0             dataBANK0    00000
__HdataCOMMON            dataCOMMON   00000
__Heeprom_data           eeprom_data  00000
__Hend_init              end_init     00004
__Hfunctab               functab      00000
__HidataBANK0            idataBANK0   00000
__HidataCOMMON           idataCOMMON  00000
__Hidloc                 idloc        00000
__Hinit                  init         00002
__Hintentry              intentry     00002
__Hmaintext              maintext     00000
__Hpowerup               powerup      00000
__Hram                   ram          00000
__Hreset_vec             reset_vec    00002
__Hsfr0                  sfr0         00000
__Hsfr1                  sfr1         00000
__Hsfr10                 sfr10        00000
__Hsfr11                 sfr11        00000
__Hsfr12                 sfr12        00000
__Hsfr13                 sfr13        00000
__Hsfr14                 sfr14        00000
__Hsfr15                 sfr15        00000
__Hsfr16                 sfr16        00000
__Hsfr17                 sfr17        00000
__Hsfr18                 sfr18        00000
__Hsfr19                 sfr19        00000
__Hsfr2                  sfr2         00000
__Hsfr20                 sfr20        00000
__Hsfr21                 sfr21        00000
__Hsfr22                 sfr22        00000
__Hsfr23                 sfr23        00000
__Hsfr24                 sfr24        00000
__Hsfr25                 sfr25        00000
__Hsfr26                 sfr26        00000
__Hsfr27                 sfr27        00000
__Hsfr28                 sfr28        00000
__Hsfr29                 sfr29        00000
__Hsfr3                  sfr3         00000
__Hsfr30                 sfr30        00000
__Hsfr31                 sfr31        00000
__Hsfr4                  sfr4         00000
__Hsfr5                  sfr5         00000
__Hsfr6                  sfr6         00000
__Hsfr7                  sfr7         00000
__Hsfr8                  sfr8         00000
__Hsfr9                  sfr9         00000
__Hspace_0               (abs)        08009
__Hspace_1               (abs)        0007E
__Hspace_2               (abs)        00000
__Hspace_3               (abs)        00000
__Hstack                 stack        00000
__Hstrings               strings      00000
__Hstringtext1           stringtext1  00000
__Hstringtext2           stringtext2  00000
__Hstringtext3           stringtext3  00000
__Htext                  text         00000
__Labs1                  abs1         00000
__Lbank0                 bank0        00000
__Lbank1                 bank1        00000
__Lbank10                bank10       00000
__Lbank11                bank11       00000
__Lbank12                bank12       00000
__Lbank13                bank13       00000
__Lbank14                bank14       00000
__Lbank15                bank15       00000
__Lbank16                bank16       00000
__Lbank17                bank17       00000
__Lbank18                bank18       00000
__Lbank19                bank19       00000
__Lbank2                 bank2        00000
__Lbank20                bank20       00000
__Lbank21                bank21       00000
__Lbank22                bank22       00000
__Lbank23                bank23       00000
__Lbank24                bank24       00000
__Lbank25                bank25       00000
__Lbank26                bank26       00000
__Lbank27                bank27       00000
__Lbank28                bank28       00000
__Lbank29                bank29       00000
__Lbank3                 bank3        00000
__Lbank30                bank30       00000
__Lbank31                bank31       00000
__Lbank4                 bank4        00000
__Lbank5                 bank5        00000
__Lbank6                 bank6        00000
__Lbank7                 bank7        00000
__Lbank8                 bank8        00000
__Lbank9                 bank9        00000
__Lbigram                bigram       00000
__LbssBANK0              bssBANK0     00000
__LbssCOMMON             bssCOMMON    00000
__Lcinit                 cinit        007E6
__Lclrtext               clrtext      00000
__Lcode                  code         00000
__Lcommon                common       00000
__Lconfig                config       08007
__LcstackBANK0           cstackBANK0  00000
__LcstackCOMMON          cstackCOMMON 00000
__LdataBANK0             dataBANK0    00000
__LdataCOMMON            dataCOMMON   00000
__Leeprom_data           eeprom_data  00000
__Lend_init              end_init     00002
__Lfunctab               functab      00000
__LidataBANK0            idataBANK0   00000
__LidataCOMMON           idataCOMMON  00000
__Lidloc                 idloc        00000
__Linit                  init         00002
__Lintentry              intentry     00002
__Lmaintext              maintext     00000
__Lpowerup               powerup      00000
__Lram                   ram          00000
__Lreset_vec             reset_vec    00000
__Lsfr0                  sfr0         00000
__Lsfr1                  sfr1         00000
__Lsfr10                 sfr10        00000
__Lsfr11                 sfr11        00000
__Lsfr12                 sfr12        00000
__Lsfr13                 sfr13        00000
__Lsfr14                 sfr14        00000
__Lsfr15                 sfr15        00000
__Lsfr16                 sfr16        00000
__Lsfr17                 sfr17        00000
__Lsfr18                 sfr18        00000
__Lsfr19                 sfr19        00000
__Lsfr2                  sfr2         00000
__Lsfr20                 sfr20        00000
__Lsfr21                 sfr21        00000
__Lsfr22                 sfr22        00000
__Lsfr23                 sfr23        00000
__Lsfr24                 sfr24        00000
__Lsfr25                 sfr25        00000
__Lsfr26                 sfr26        00000
__Lsfr27                 sfr27        00000
__Lsfr28                 sfr28        00000
__Lsfr29                 sfr29        00000
__Lsfr3                  sfr3         00000
__Lsfr30                 sfr30        00000
__Lsfr31                 sfr31        00000
__Lsfr4                  sfr4         00000
__Lsfr5                  sfr5         00000
__Lsfr6                  sfr6         00000
__Lsfr7                  sfr7         00000
__Lsfr8                  sfr8         00000
__Lsfr9                  sfr9         00000
__Lspace_0               (abs)        00000
__Lspace_1               (abs)        00000
__Lspace_2               (abs)        00000
__Lspace_3               (abs)        00000
__Lstack                 stack        00000
__Lstrings               strings      00000
__Lstringtext1           stringtext1  00000
__Lstringtext2           stringtext2  00000
__Lstringtext3           stringtext3  00000
__Ltext                  text         00000
__S0                     (abs)        08009
__S1                     (abs)        0007E
__S2                     (abs)        00000
__S3                     (abs)        00000
___awdiv                 text6        0065B
___awdiv@counter         cstackCOMMON 00075
___awdiv@dividend        cstackCOMMON 00072
___awdiv@divisor         cstackCOMMON 00070
___awdiv@quotient        cstackCOMMON 00077
___awdiv@sign            cstackCOMMON 00076
___int_sp                stack        00000
___latbits               (abs)        00001
___sp                    stack        00000
__end_of___awdiv         text6        006C4
__end_of__initialization cinit        007FD
__end_of_bitDelay        text3        00595
__end_of_down            stringtext1  00801
__end_of_hold            stringtext2  00802
__end_of_init            text5        005C0
__end_of_initTouch       text4        0060B
__end_of_isTouched       text2        005A6
__end_of_main            maintext     007E6
__end_of_transmitBits    text1        0065B
__end_of_up              stringtext3  00803
__initialization         cinit        007E6
__pbssBANK0              bssBANK0     00020
__pbssCOMMON             bssCOMMON    0007A
__pcstackBANK0           cstackBANK0  00034
__pcstackCOMMON          cstackCOMMON 00070
__pdataBANK0             dataBANK0    0003B
__pdataCOMMON            dataCOMMON   0007D
__pidataBANK0            idataBANK0   0058E
__pidataCOMMON           idataCOMMON  0058D
__pmaintext              maintext     006C4
__pstringtext1           stringtext1  00800
__pstringtext2           stringtext2  00801
__pstringtext3           stringtext3  00802
__ptext1                 text1        0060B
__ptext2                 text2        0059B
__ptext3                 text3        00590
__ptext4                 text4        005C0
__ptext5                 text5        005A6
__ptext6                 text6        0065B
__size_of___awdiv        (abs)        00000
__size_of_bitDelay       (abs)        00000
__size_of_init           (abs)        00000
__size_of_initTouch      (abs)        00000
__size_of_isTouched      (abs)        00000
__size_of_main           (abs)        00000
__size_of_transmitBits   (abs)        00000
_bitDelay                text3        00590
_init                    text5        005A6
_initTouch               text4        005C0
_isTouched               text2        0059B
_main                    maintext     006C4
_newTarget               bssCOMMON    0007A
_transmitBits            text1        0060B
btemp                    (abs)        0007E
clear_ram0               clrtext      00595
end_of_initialization    cinit        007FD
initTouch@c              cstackCOMMON 00073
initTouch@i              cstackCOMMON 00074
intlevel0                functab      00000
intlevel1                functab      00000
intlevel2                functab      00000
intlevel3                functab      00000
intlevel4                functab      00000
intlevel5                functab      00000
isTouched@tcount         cstackCOMMON 00070
main@i                   cstackCOMMON 00079
reset_vec                reset_vec    00000
stackhi                  (abs)        020EF
stacklo                  (abs)        0201D
start                    init         00002
start_initialization     cinit        007E6
transmitBits@i           cstackCOMMON 00073
transmitBits@i_74        cstackCOMMON 00072
wtemp0                   (abs)        0007E


FUNCTION INFORMATION:

 *************** function _main *****************
 Defined at:
		line 105 in file "Touchsensor.c"
 Parameters:    Size  Location     Type
		None
 Auto vars:     Size  Location     Type
  i               1    9[COMMON] unsigned char 
 Return value:  Size  Location     Type
                  2  108[None  ] int 
 Registers used:
		wreg, fsr0l, fsr0h, fsr1l, fsr1h, status,2, status,0, pclath, cstack
 Tracked objects:
		On entry : 
		On exit  : 
		Unchanged: 
 Data sizes:     COMMON   BANK0   BANK1   BANK2
      Params:         0       0       0       0
      Locals:         1       0       0       0
      Temps:          0       7       0       0
      Totals:         1       7       0       0
Total ram usage:        8 bytes
 Hardware stack levels required when called:    2
 This function calls:
		___awdiv
		_init
		_initTouch
		_transmitBits
 This function is called by:
		Startup code after reset
 This function uses a non-reentrant model


 *************** function _transmitBits *****************
 Defined at:
		line 57 in file "Touchsensor.c"
 Parameters:    Size  Location     Type
		None
 Auto vars:     Size  Location     Type
  i               1    2[COMMON] unsigned char 
  i               1    3[COMMON] unsigned char 
 Return value:  Size  Location     Type
                  1    wreg      void 
 Registers used:
		wreg, fsr1l, fsr1h, status,2, status,0, pclath, cstack
 Tracked objects:
		On entry : 
		On exit  : 
		Unchanged: 
 Data sizes:     COMMON   BANK0   BANK1   BANK2
      Params:         0       0       0       0
      Locals:         2       0       0       0
      Temps:          1       0       0       0
      Totals:         3       0       0       0
Total ram usage:        3 bytes
 Hardware stack levels used:    1
 Hardware stack levels required when called:    1
 This function calls:
		_bitDelay
		_isTouched
 This function is called by:
		_main
 This function uses a non-reentrant model


 *************** function _isTouched *****************
 Defined at:
		line 53 in file "Touchsensor.c"
 Parameters:    Size  Location     Type
  tcount          1    wreg     unsigned char 
 Auto vars:     Size  Location     Type
  tcount          1    0[COMMON] unsigned char 
 Return value:  Size  Location     Type
                  1    wreg      _Bool 
 Registers used:
		wreg
 Tracked objects:
		On entry : 
		On exit  : 
		Unchanged: 
 Data sizes:     COMMON   BANK0   BANK1   BANK2
      Params:         0       0       0       0
      Locals:         1       0       0       0
      Temps:          0       0       0       0
      Totals:         1       0       0       0
Total ram usage:        1 bytes
 Hardware stack levels used:    1
 This function calls:
		Nothing
 This function is called by:
		_transmitBits
 This function uses a non-reentrant model


 *************** function _bitDelay *****************
 Defined at:
		line 50 in file "Touchsensor.c"
 Parameters:    Size  Location     Type
		None
 Auto vars:     Size  Location     Type
		None
 Return value:  Size  Location     Type
                  1    wreg      void 
 Registers used:
		wreg
 Tracked objects:
		On entry : 
		On exit  : 
		Unchanged: 
 Data sizes:     COMMON   BANK0   BANK1   BANK2
      Params:         0       0       0       0
      Locals:         0       0       0       0
      Temps:          0       0       0       0
      Totals:         0       0       0       0
Total ram usage:        0 bytes
 Hardware stack levels used:    1
 This function calls:
		Nothing
 This function is called by:
		_transmitBits
 This function uses a non-reentrant model


 *************** function _initTouch *****************
 Defined at:
		line 85 in file "Touchsensor.c"
 Parameters:    Size  Location     Type
		None
 Auto vars:     Size  Location     Type
  c               1    3[COMMON] unsigned char 
  i               1    4[COMMON] unsigned char 
 Return value:  Size  Location     Type
                  1    wreg      void 
 Registers used:
		wreg, fsr1l, fsr1h, status,2, status,0
 Tracked objects:
		On entry : 
		On exit  : 
		Unchanged: 
 Data sizes:     COMMON   BANK0   BANK1   BANK2
      Params:         0       0       0       0
      Locals:         2       0       0       0
      Temps:          3       0       0       0
      Totals:         5       0       0       0
Total ram usage:        5 bytes
 Hardware stack levels used:    1
 This function calls:
		Nothing
 This function is called by:
		_main
 This function uses a non-reentrant model


 *************** function _init *****************
 Defined at:
		line 12 in file "RAINBO-TX.c"
 Parameters:    Size  Location     Type
		None
 Auto vars:     Size  Location     Type
		None
 Return value:  Size  Location     Type
                  1    wreg      void 
 Registers used:
		wreg, status,2
 Tracked objects:
		On entry : 
		On exit  : 
		Unchanged: 
 Data sizes:     COMMON   BANK0   BANK1   BANK2
      Params:         0       0       0       0
      Locals:         0       0       0       0
      Temps:          0       0       0       0
      Totals:         0       0       0       0
Total ram usage:        0 bytes
 Hardware stack levels used:    1
 This function calls:
		Nothing
 This function is called by:
		_main
 This function uses a non-reentrant model


 *************** function ___awdiv *****************
 Defined at:
		line 5 in file "C:\Program Files\Microchip\xc8\v2.00\pic\sources\c99\common\awdiv.c"
 Parameters:    Size  Location     Type
  divisor         2    0[COMMON] int 
  dividend        2    2[COMMON] int 
 Auto vars:     Size  Location     Type
  quotient        2    7[COMMON] int 
  sign            1    6[COMMON] unsigned char 
  counter         1    5[COMMON] unsigned char 
 Return value:  Size  Location     Type
                  2    0[COMMON] int 
 Registers used:
		wreg, status,2, status,0
 Tracked objects:
		On entry : 
		On exit  : 
		Unchanged: 
 Data sizes:     COMMON   BANK0   BANK1   BANK2
      Params:         4       0       0       0
      Locals:         4       0       0       0
      Temps:          1       0       0       0
      Totals:         9       0       0       0
Total ram usage:        9 bytes
 Hardware stack levels used:    1
 This function calls:
		Nothing
 This function is called by:
		_main
 This function uses a non-reentrant model



MODULE INFORMATION

Module		Function		Class		Link	Load	Size
RAINBO-TX.c
		_init          		CODE           	05A6	0000	27

RAINBO-TX.c estimated size: 27

shared
		_down          		STRCODE        	0000	0000	0
		__initialization		CODE           	07E6	0000	24
		_up            		STRCODE        	0000	0000	0
		_hold          		STRCODE        	0000	0000	0

shared estimated size: 24

Touchsensor.c
		_initTouch     		CODE           	05C0	0000	76
		_main          		CODE           	06C4	0000	291
		_bitDelay      		CODE           	0590	0000	6
		_isTouched     		CODE           	059B	0000	12
		_transmitBits  		CODE           	060B	0000	81

Touchsensor.c estimated size: 466

C:\Program Files\Microchip\xc8\v2.00\pic\sources\c99\common\awdiv.c
		___awdiv       		CODE           	065B	0000	106

C:\Program Files\Microchip\xc8\v2.00\pic\sources\c99\common\awdiv.c estimated size: 106

